******************************************************************************
                  TI ARM Linker PC v16.9.4                     
******************************************************************************
>> Linked Sat Mar 23 23:20:23 2024

OUTPUT FILE NAME:   <004_led_toggle.out>
ENTRY POINT SYMBOL: "_c_int00"  address: 00000509


MEMORY CONFIGURATION

         name            origin    length      used     unused   attr    fill
----------------------  --------  ---------  --------  --------  ----  --------
  FLASH                 00000000   00040000  0000068c  0003f974  R  X
  SRAM                  20000000   00008000  00000224  00007ddc  RW X


SEGMENT ALLOCATION MAP

run origin  load origin   length   init length attrs members
----------  ----------- ---------- ----------- ----- -------
00000000    00000000    00000690   00000690    r-x
  00000000    00000000    0000026c   0000026c    r-- .intvecs
  0000026c    0000026c    000003e8   000003e8    r-x .text
  00000658    00000658    00000038   00000038    r-- .cinit
20000000    20000000    00000224   00000000    rw-
  20000000    20000000    00000200   00000000    rw- .stack
  20000200    20000200    0000001c   00000000    rw- .data
  2000021c    2000021c    00000008   00000000    rw- .bss


SECTION ALLOCATION MAP

 output                                  attributes/
section   page    origin      length       input sections
--------  ----  ----------  ----------   ----------------
.intvecs   0    00000000    0000026c     
                  00000000    0000026c     tm4c123gh6pge_startup_ccs.obj (.intvecs)

.text      0    0000026c    000003e8     
                  0000026c    000000ac     main.obj (.text)
                  00000318    0000009c     rtsv7M4_T_le_v4SPD16_eabi.lib : memcpy_t2.obj (.text)
                  000003b4    0000007a                                   : memset_t2.obj (.text)
                  0000042e    00000002                                   : mpu_init.obj (.text)
                  00000430    00000070                                   : autoinit.obj (.text)
                  000004a0    00000068                                   : copy_decompress_lzss.obj (.text:decompress:lzss)
                  00000508    00000054                                   : boot.obj (.text)
                  0000055c    00000054                                   : exit.obj (.text)
                  000005b0    0000004c                                   : cpy_tbl.obj (.text)
                  000005fc    00000018                                   : args_main.obj (.text)
                  00000614    00000014                                   : _lock.obj (.text)
                  00000628    0000000e                                   : copy_decompress_none.obj (.text:decompress:none)
                  00000636    0000000c                                   : copy_zero_init.obj (.text:decompress:ZI)
                  00000642    0000000c     tm4c123gh6pge_startup_ccs.obj (.text)
                  0000064e    00000004     rtsv7M4_T_le_v4SPD16_eabi.lib : pre_init.obj (.text)
                  00000652    00000002                                   : startup.obj (.text)

.cinit     0    00000658    00000038     
                  00000658    00000011     (.cinit..data.load) [load image, compression = lzss]
                  00000669    00000003     --HOLE-- [fill = 0]
                  0000066c    0000000c     (__TI_handler_table)
                  00000678    00000008     (.cinit..bss.load) [load image, compression = zero_init]
                  00000680    00000010     (__TI_cinit_table)

.init_array 
*          0    00000000    00000000     UNINITIALIZED

.stack     0    20000000    00000200     UNINITIALIZED
                  20000000    00000200     --HOLE--

.data      0    20000200    0000001c     UNINITIALIZED
                  20000200    0000000c     rtsv7M4_T_le_v4SPD16_eabi.lib : exit.obj (.data:$O1$$)
                  2000020c    00000008                                   : _lock.obj (.data:$O1$$)
                  20000214    00000004     main.obj (.data)
                  20000218    00000004     rtsv7M4_T_le_v4SPD16_eabi.lib : stkdepth_vars.obj (.data)

.bss       0    2000021c    00000008     UNINITIALIZED
                  2000021c    00000008     main.obj (.bss)

MODULE SUMMARY

       Module                          code   ro data   rw data
       ------                          ----   -------   -------
    .\
       tm4c123gh6pge_startup_ccs.obj   12     620       0      
       main.obj                        172    0         12     
    +--+-------------------------------+------+---------+---------+
       Total:                          184    620       12     
                                                               
    C:\ti\ccsv7\tools\compiler\ti-cgt-arm_16.9.4.LTS\lib\rtsv7M4_T_le_v4SPD16_eabi.lib
       memcpy_t2.obj                   156    0         0      
       memset_t2.obj                   122    0         0      
       autoinit.obj                    112    0         0      
       copy_decompress_lzss.obj        104    0         0      
       exit.obj                        84     0         12     
       boot.obj                        84     0         0      
       cpy_tbl.obj                     76     0         0      
       _lock.obj                       20     0         8      
       args_main.obj                   24     0         0      
       copy_decompress_none.obj        14     0         0      
       copy_zero_init.obj              12     0         0      
       pre_init.obj                    4      0         0      
       stkdepth_vars.obj               0      0         4      
       mpu_init.obj                    2      0         0      
       startup.obj                     2      0         0      
    +--+-------------------------------+------+---------+---------+
       Total:                          816    0         24     
                                                               
       Stack:                          0      0         512    
       Linker Generated:               0      53        0      
    +--+-------------------------------+------+---------+---------+
       Grand Total:                    1000   673       548    


LINKER GENERATED COPY TABLES

__TI_cinit_table @ 00000680 records: 2, size/record: 8, table size: 16
	.data: load addr=00000658, load size=00000011 bytes, run addr=20000200, run size=0000001c bytes, compression=lzss
	.bss: load addr=00000678, load size=00000008 bytes, run addr=2000021c, run size=00000008 bytes, compression=zero_init


LINKER GENERATED HANDLER TABLE

__TI_handler_table @ 0000066c records: 3, size/record: 4, table size: 12
	index: 0, handler: __TI_decompress_lzss
	index: 1, handler: __TI_decompress_none
	index: 2, handler: __TI_zero_init


GLOBAL SYMBOLS: SORTED ALPHABETICALLY BY Name 

address   name                           
-------   ----                           
0000055d  C$$EXIT                        
00000643  ResetISR                       
UNDEFED   SHT$$INIT_ARRAY$$Base          
UNDEFED   SHT$$INIT_ARRAY$$Limit         
20000200  __STACK_END                    
00000200  __STACK_SIZE                   
20000200  __STACK_TOP                    
00000680  __TI_CINIT_Base                
00000690  __TI_CINIT_Limit               
0000066c  __TI_Handler_Table_Base        
00000678  __TI_Handler_Table_Limit       
00000431  __TI_auto_init                 
20000200  __TI_cleanup_ptr               
000004a1  __TI_decompress_lzss           
00000629  __TI_decompress_none           
20000204  __TI_dtors_ptr                 
20000208  __TI_enable_exit_profile_output
ffffffff  __TI_pprof_out_hndl            
ffffffff  __TI_prof_data_size            
ffffffff  __TI_prof_data_start           
00000000  __TI_static_base__             
00000637  __TI_zero_init                 
000003b5  __aeabi_memclr                 
000003b5  __aeabi_memclr4                
000003b5  __aeabi_memclr8                
00000319  __aeabi_memcpy                 
00000319  __aeabi_memcpy4                
00000319  __aeabi_memcpy8                
000003b7  __aeabi_memset                 
000003b7  __aeabi_memset4                
000003b7  __aeabi_memset8                
ffffffff  __binit__                      
ffffffff  __c_args__                     
0000042f  __mpu_init                     
20000000  __stack                        
000005fd  _args_main                     
00000509  _c_int00                       
2000020c  _lock                          
00000623  _nop                           
0000061b  _register_lock                 
00000615  _register_unlock               
00000653  _system_post_cinit             
0000064f  _system_pre_init               
20000210  _unlock                        
00000561  abort                          
ffffffff  binit                          
0000026d  button_read                    
000005b1  copy_in                        
00000569  exit                           
00000000  g_pfnVectors                   
0000027d  main                           
20000218  main_func_sp                   
00000319  memcpy                         
000003bd  memset                         


GLOBAL SYMBOLS: SORTED BY Symbol Address 

address   name                           
-------   ----                           
00000000  __TI_static_base__             
00000000  g_pfnVectors                   
00000200  __STACK_SIZE                   
0000026d  button_read                    
0000027d  main                           
00000319  __aeabi_memcpy                 
00000319  __aeabi_memcpy4                
00000319  __aeabi_memcpy8                
00000319  memcpy                         
000003b5  __aeabi_memclr                 
000003b5  __aeabi_memclr4                
000003b5  __aeabi_memclr8                
000003b7  __aeabi_memset                 
000003b7  __aeabi_memset4                
000003b7  __aeabi_memset8                
000003bd  memset                         
0000042f  __mpu_init                     
00000431  __TI_auto_init                 
000004a1  __TI_decompress_lzss           
00000509  _c_int00                       
0000055d  C$$EXIT                        
00000561  abort                          
00000569  exit                           
000005b1  copy_in                        
000005fd  _args_main                     
00000615  _register_unlock               
0000061b  _register_lock                 
00000623  _nop                           
00000629  __TI_decompress_none           
00000637  __TI_zero_init                 
00000643  ResetISR                       
0000064f  _system_pre_init               
00000653  _system_post_cinit             
0000066c  __TI_Handler_Table_Base        
00000678  __TI_Handler_Table_Limit       
00000680  __TI_CINIT_Base                
00000690  __TI_CINIT_Limit               
20000000  __stack                        
20000200  __STACK_END                    
20000200  __STACK_TOP                    
20000200  __TI_cleanup_ptr               
20000204  __TI_dtors_ptr                 
20000208  __TI_enable_exit_profile_output
2000020c  _lock                          
20000210  _unlock                        
20000218  main_func_sp                   
ffffffff  __TI_pprof_out_hndl            
ffffffff  __TI_prof_data_size            
ffffffff  __TI_prof_data_start           
ffffffff  __binit__                      
ffffffff  __c_args__                     
ffffffff  binit                          
UNDEFED   SHT$$INIT_ARRAY$$Base          
UNDEFED   SHT$$INIT_ARRAY$$Limit         

[54 symbols]
