******************************************************************************
                  TI ARM Linker PC v16.9.4                     
******************************************************************************
>> Linked Wed Mar 20 22:44:40 2024

OUTPUT FILE NAME:   <002_led_blink.out>
ENTRY POINT SYMBOL: "_c_int00"  address: 000004f9


MEMORY CONFIGURATION

         name            origin    length      used     unused   attr    fill
----------------------  --------  ---------  --------  --------  ----  --------
  FLASH                 00000000   00040000  0000067c  0003f984  R  X
  SRAM                  20000000   00008000  00000220  00007de0  RW X


SEGMENT ALLOCATION MAP

run origin  load origin   length   init length attrs members
----------  ----------- ---------- ----------- ----- -------
00000000    00000000    00000680   00000680    r-x
  00000000    00000000    0000026c   0000026c    r-- .intvecs
  0000026c    0000026c    000003d8   000003d8    r-x .text
  00000648    00000648    00000038   00000038    r-- .cinit
20000000    20000000    00000220   00000000    rw-
  20000000    20000000    00000200   00000000    rw- .stack
  20000200    20000200    00000018   00000000    rw- .data
  20000218    20000218    00000008   00000000    rw- .bss


SECTION ALLOCATION MAP

 output                                  attributes/
section   page    origin      length       input sections
--------  ----  ----------  ----------   ----------------
.intvecs   0    00000000    0000026c     
                  00000000    0000026c     tm4c123gh6pge_startup_ccs.obj (.intvecs)

.text      0    0000026c    000003d8     
                  0000026c    0000009c     led_blink.obj (.text)
                  00000308    0000009c     rtsv7M4_T_le_v4SPD16_eabi.lib : memcpy_t2.obj (.text)
                  000003a4    0000007a                                   : memset_t2.obj (.text)
                  0000041e    00000002                                   : mpu_init.obj (.text)
                  00000420    00000070                                   : autoinit.obj (.text)
                  00000490    00000068                                   : copy_decompress_lzss.obj (.text:decompress:lzss)
                  000004f8    00000054                                   : boot.obj (.text)
                  0000054c    00000054                                   : exit.obj (.text)
                  000005a0    0000004c                                   : cpy_tbl.obj (.text)
                  000005ec    00000018                                   : args_main.obj (.text)
                  00000604    00000014                                   : _lock.obj (.text)
                  00000618    0000000e                                   : copy_decompress_none.obj (.text:decompress:none)
                  00000626    0000000c                                   : copy_zero_init.obj (.text:decompress:ZI)
                  00000632    0000000c     tm4c123gh6pge_startup_ccs.obj (.text)
                  0000063e    00000004     rtsv7M4_T_le_v4SPD16_eabi.lib : pre_init.obj (.text)
                  00000642    00000002                                   : startup.obj (.text)

.cinit     0    00000648    00000038     
                  00000648    00000011     (.cinit..data.load) [load image, compression = lzss]
                  00000659    00000003     --HOLE-- [fill = 0]
                  0000065c    0000000c     (__TI_handler_table)
                  00000668    00000008     (.cinit..bss.load) [load image, compression = zero_init]
                  00000670    00000010     (__TI_cinit_table)

.init_array 
*          0    00000000    00000000     UNINITIALIZED

.stack     0    20000000    00000200     UNINITIALIZED
                  20000000    00000200     --HOLE--

.data      0    20000200    00000018     UNINITIALIZED
                  20000200    0000000c     rtsv7M4_T_le_v4SPD16_eabi.lib : exit.obj (.data:$O1$$)
                  2000020c    00000008                                   : _lock.obj (.data:$O1$$)
                  20000214    00000004                                   : stkdepth_vars.obj (.data)

.bss       0    20000218    00000008     UNINITIALIZED
                  20000218    00000008     led_blink.obj (.bss)

MODULE SUMMARY

       Module                          code   ro data   rw data
       ------                          ----   -------   -------
    .\
       tm4c123gh6pge_startup_ccs.obj   12     620       0      
       led_blink.obj                   156    0         8      
    +--+-------------------------------+------+---------+---------+
       Total:                          168    620       8      
                                                               
    C:\ti\ccsv7\tools\compiler\ti-cgt-arm_16.9.4.LTS\lib\rtsv7M4_T_le_v4SPD16_eabi.lib
       memcpy_t2.obj                   156    0         0      
       memset_t2.obj                   122    0         0      
       autoinit.obj                    112    0         0      
       copy_decompress_lzss.obj        104    0         0      
       exit.obj                        84     0         12     
       boot.obj                        84     0         0      
       cpy_tbl.obj                     76     0         0      
       _lock.obj                       20     0         8      
       args_main.obj                   24     0         0      
       copy_decompress_none.obj        14     0         0      
       copy_zero_init.obj              12     0         0      
       pre_init.obj                    4      0         0      
       stkdepth_vars.obj               0      0         4      
       mpu_init.obj                    2      0         0      
       startup.obj                     2      0         0      
    +--+-------------------------------+------+---------+---------+
       Total:                          816    0         24     
                                                               
       Stack:                          0      0         512    
       Linker Generated:               0      53        0      
    +--+-------------------------------+------+---------+---------+
       Grand Total:                    984    673       544    


LINKER GENERATED COPY TABLES

__TI_cinit_table @ 00000670 records: 2, size/record: 8, table size: 16
	.data: load addr=00000648, load size=00000011 bytes, run addr=20000200, run size=00000018 bytes, compression=lzss
	.bss: load addr=00000668, load size=00000008 bytes, run addr=20000218, run size=00000008 bytes, compression=zero_init


LINKER GENERATED HANDLER TABLE

__TI_handler_table @ 0000065c records: 3, size/record: 4, table size: 12
	index: 0, handler: __TI_decompress_lzss
	index: 1, handler: __TI_decompress_none
	index: 2, handler: __TI_zero_init


GLOBAL SYMBOLS: SORTED ALPHABETICALLY BY Name 

address   name                           
-------   ----                           
0000054d  C$$EXIT                        
00000633  ResetISR                       
UNDEFED   SHT$$INIT_ARRAY$$Base          
UNDEFED   SHT$$INIT_ARRAY$$Limit         
20000200  __STACK_END                    
00000200  __STACK_SIZE                   
20000200  __STACK_TOP                    
00000670  __TI_CINIT_Base                
00000680  __TI_CINIT_Limit               
0000065c  __TI_Handler_Table_Base        
00000668  __TI_Handler_Table_Limit       
00000421  __TI_auto_init                 
20000200  __TI_cleanup_ptr               
00000491  __TI_decompress_lzss           
00000619  __TI_decompress_none           
20000204  __TI_dtors_ptr                 
20000208  __TI_enable_exit_profile_output
ffffffff  __TI_pprof_out_hndl            
ffffffff  __TI_prof_data_size            
ffffffff  __TI_prof_data_start           
00000000  __TI_static_base__             
00000627  __TI_zero_init                 
000003a5  __aeabi_memclr                 
000003a5  __aeabi_memclr4                
000003a5  __aeabi_memclr8                
00000309  __aeabi_memcpy                 
00000309  __aeabi_memcpy4                
00000309  __aeabi_memcpy8                
000003a7  __aeabi_memset                 
000003a7  __aeabi_memset4                
000003a7  __aeabi_memset8                
ffffffff  __binit__                      
ffffffff  __c_args__                     
0000041f  __mpu_init                     
20000000  __stack                        
000005ed  _args_main                     
000004f9  _c_int00                       
2000020c  _lock                          
00000613  _nop                           
0000060b  _register_lock                 
00000605  _register_unlock               
00000643  _system_post_cinit             
0000063f  _system_pre_init               
20000210  _unlock                        
00000551  abort                          
ffffffff  binit                          
000005a1  copy_in                        
0000026d  delay                          
00000559  exit                           
00000000  g_pfnVectors                   
00000291  main                           
20000214  main_func_sp                   
00000309  memcpy                         
000003ad  memset                         


GLOBAL SYMBOLS: SORTED BY Symbol Address 

address   name                           
-------   ----                           
00000000  __TI_static_base__             
00000000  g_pfnVectors                   
00000200  __STACK_SIZE                   
0000026d  delay                          
00000291  main                           
00000309  __aeabi_memcpy                 
00000309  __aeabi_memcpy4                
00000309  __aeabi_memcpy8                
00000309  memcpy                         
000003a5  __aeabi_memclr                 
000003a5  __aeabi_memclr4                
000003a5  __aeabi_memclr8                
000003a7  __aeabi_memset                 
000003a7  __aeabi_memset4                
000003a7  __aeabi_memset8                
000003ad  memset                         
0000041f  __mpu_init                     
00000421  __TI_auto_init                 
00000491  __TI_decompress_lzss           
000004f9  _c_int00                       
0000054d  C$$EXIT                        
00000551  abort                          
00000559  exit                           
000005a1  copy_in                        
000005ed  _args_main                     
00000605  _register_unlock               
0000060b  _register_lock                 
00000613  _nop                           
00000619  __TI_decompress_none           
00000627  __TI_zero_init                 
00000633  ResetISR                       
0000063f  _system_pre_init               
00000643  _system_post_cinit             
0000065c  __TI_Handler_Table_Base        
00000668  __TI_Handler_Table_Limit       
00000670  __TI_CINIT_Base                
00000680  __TI_CINIT_Limit               
20000000  __stack                        
20000200  __STACK_END                    
20000200  __STACK_TOP                    
20000200  __TI_cleanup_ptr               
20000204  __TI_dtors_ptr                 
20000208  __TI_enable_exit_profile_output
2000020c  _lock                          
20000210  _unlock                        
20000214  main_func_sp                   
ffffffff  __TI_pprof_out_hndl            
ffffffff  __TI_prof_data_size            
ffffffff  __TI_prof_data_start           
ffffffff  __binit__                      
ffffffff  __c_args__                     
ffffffff  binit                          
UNDEFED   SHT$$INIT_ARRAY$$Base          
UNDEFED   SHT$$INIT_ARRAY$$Limit         

[54 symbols]
